[www.sweatfxbg.com/index.html]
[static.wixstatic.com/media/aba349_1ed23a47d63442a8a34fc72dc30757f9_mv2.png/v1/fill/w_32,h_32,lg_1,usm_0.66_1.00_0.01/aba349_1ed23a47d63442a8a34fc72dc30757f9_mv2.0]
[static.parastorage.com/unpkg/core-js-bundle@3.2.1/minified.js]
[static.parastorage.com/unpkg/focus-within-polyfill@5.0.9/dist/focus-within-polyfill.js]
[backblue.gif]
[fade.gif]
[index.html]
[polyfill.io/v3/polyfill.mind82c.js]
[browser.sentry-cdn.com/6.18.2/bundle.min.js]
[www.sweatfxbg.com/decodeURIComponent(e]
[www.sweatfxbg.com/sitemap.xml]
[www.sweatfxbg.com/feed.xml]
[static.parastorage.com/services/wix-thunderbolt/dist/ab-test-compilation/thunderbolt-commons.7ca534fa.bundle.min.js]
[static.parastorage.com/services/wix-thunderbolt/dist/ab-test-compilation/main.c16c2c7f.bundle.min.js]
[static.parastorage.com/unpkg/lodash@4.17.21/lodash.min.js]
[static.parastorage.com/unpkg/react@16.14.0/umd/react.production.min.js]
[static.parastorage.com/services/wix-code-platform/1.1097.93/elementory-browser-support.min.js]
[static.parastorage.com/services/tag-manager-client/1.427.0/siteTags.bundle.min.js]
[static.parastorage.com/services/wix-perf-measure/1.1042.0/wix-perf-measure.bundle.min.js]
[static.parastorage.com/unpkg/react-dom@16.14.0/umd/react-dom.production.min.js]
[www.sweatfxbg.com/b604fd33.min.css]
[www.sweatfxbg.com/caeea34d.min.css]
[www.sweatfxbg.com/99a6a99f.min.css]
[www.sweatfxbg.com/34b72cf9.min.css]
[www.sweatfxbg.com/7a36fe10.chunk.min.js]
[www.sweatfxbg.com/e3671379.chunk.min.js]
[www.sweatfxbg.com/rb_wixui.thunderbolt_bootstrap-classic.db545a77.chunk.min.js]
[www.sweatfxbg.com/rb_wixui.thunderbolt_bootstrap.8a86afda.chunk.min.css]
[www.sweatfxbg.com/rb_wixui.thunderbolt_bootstrap.7a36fe10.chunk.min.js]
[www.sweatfxbg.com/rb_wixui.thunderbolt_bootstrap-responsive.f3ca696f.chunk.min.css]
[www.sweatfxbg.com/rb_wixui.thunderbolt_bootstrap-responsive.e3671379.chunk.min.js]
[static.wixstatic.com/media/aba349_e1ebd8066ee0407f8f0441ac9b48904d_mv2.png/v1/fill/w_71,h_59,al_c,q_85,usm_0.66_1.00_0.01,enc_auto/color logo transparent.1b.delay]
[www.sweatfxbg.com/workouts.html]
[www.sweatfxbg.com/about.html]
[www.sweatfxbg.com/benefits.html]
[www.sweatfxbg.com/sweat-lab.html]
[www.sweatfxbg.com/personal-training.html]
[www.sweatfxbg.com/fit3d.html]
[www.sweatfxbg.com/childcare.html]
[www.sweatfxbg.com/try-sweat.html]
[www.sweatfxbg.com/specials.html]
[www.sweatfxbg.com/location.html]
[www.sweatfxbg.com/plans-pricing.html]
[www.sweatfxbg.com/services.html]
[static.wixstatic.com/media/aba349_3aecf4991bb149e68f8ffa4154654dc4_mv2.png/v1/fill/w_123,h_82,al_c,q_85,usm_0.66_1.00_0.01,blur_2,/aba349_3aecf4991bb149e68f8ffa41]
[www.sweatfxbg.com/schedule.html]
[static.wixstatic.com/media/aba349_a5bac8d5066c4ed4a0317db04cc5ac16_mv2.png/v1/fill/w_123,h_82,al_c,q_85,usm_0.66_1.00_0.01,blur_2,/aba349_a5bac8d5066c4ed4a0317db0]
[www.sweatfxbg.com/events.html]
[static.wixstatic.com/media/aba349_22b3592d1d7444eab30391ebd5793f03_mv2.png/v1/fill/w_123,h_82,al_c,q_85,usm_0.66_1.00_0.01,blur_2,/aba349_22b3592d1d7444eab30391eb]
[www.sweatfxbg.com/frequently-asked-questions.html]
[www.sweatfxbg.com/gift-card.html]
[www.sweatfxbg.com/liability-waiver.html]
[www.sweatfxbg.com/loyalty.html]
[www.sweatfxbg.com/privacy.html]
[www.sweatfxbg.com/index.html]
[www.sweatfxbg.com/decodeURIComponent(e.html]
[www.sweatfxbg.com/feed.html]
[www.sweatfxbg.com/b604fd33.min.html]
[www.sweatfxbg.com/caeea34d.min.html]
[www.sweatfxbg.com/99a6a99f.min.html]
[www.sweatfxbg.com/34b72cf9.min.html]
[www.sweatfxbg.com/7a36fe10.chunk.min.html]
[www.sweatfxbg.com/e3671379.chunk.min.html]
[www.sweatfxbg.com/rb_wixui.thunderbolt_bootstrap-classic.db545a77.chunk.min.html]
[www.sweatfxbg.com/rb_wixui.thunderbolt_bootstrap.8a86afda.chunk.min.html]
[www.sweatfxbg.com/rb_wixui.thunderbolt_bootstrap.7a36fe10.chunk.min.html]
[www.sweatfxbg.com/rb_wixui.thunderbolt_bootstrap-responsive.f3ca696f.chunk.min.html]
[www.sweatfxbg.com/rb_wixui.thunderbolt_bootstrap-responsive.e3671379.chunk.min.html]
[static.parastorage.com/services/wix-thunderbolt/dist/bootstrap-features.9ca6e510.bundle.min.js]
[www.sweatfxbg.com/workouts.html]
[static.parastorage.com/services/wix-thunderbolt/dist/main.cb675ae8.bundle.min.js]
[www.sweatfxbg.com/about.html]
[static.wixstatic.com/media/aba349_eca22757d42942da90bada818bd91927_mv2.jpg/v1/fill/w_123,h_82,al_c,q_80,usm_0.66_1.00_0.01,blur_2,/aba349_eca22757d42942da90bada81]
[static.wixstatic.com/media/aba349_bf0cba1bf082494d94338e12b012e234_mv2.jpg/v1/fill/w_122,h_81,al_c,q_80,usm_0.66_1.00_0.01,blur_2,/aba349_bf0cba1bf082494d94338e12]
[static.wixstatic.com/media/aba349_1172cc4cf185455482a6617e91c86bc4_mv2.png/v1/fill/w_123,h_82,al_c,q_85,usm_0.66_1.00_0.01,blur_2,/aba349_1172cc4cf185455482a6617e]
[www.sweatfxbg.com/store.html]
[static.wixstatic.com/media/aba349_56d58951eabb4490b1143f608150d302_mv2.jpg/v1/fill/w_122,h_82,al_c,q_80,usm_0.66_1.00_0.01,blur_2,/aba349_56d58951eabb4490b1143f60]
[www.sweatfxbg.com/version/index.html]
[static.wixstatic.com/media/aba349_0a2f223da5284a82903c26e1687ef91c_mv2.jpg/v1/fill/w_186,h_124,al_c,q_80,usm_0.66_1.00_0.01,blur_3,enc_auto/0C0A8664.3e.delayed]
[static.wixstatic.com/media/aba349_d9fa0bdf5e2f4b5398605bc23535a334_mv2.jpe/v1/fill/w_123,h_82,al_c,q_80,usm_0.66_1.00_0.01,blur_2,/aba349_d9fa0bdf5e2f4b5398605bc2]
[static.wixstatic.com/media/aba349_b0f4fc133bda4d1d8ea551595094f9ed_mv2.jpg/v1/fill/w_123,h_82,al_c,q_80,usm_0.66_1.00_0.01,blur_2,/aba349_b0f4fc133bda4d1d8ea55159]
[static.wixstatic.com/media/aba349_25e8e76a3e484d52beb6a16d8c02b15b_mv2.jpg/v1/fill/w_123,h_82,al_c,q_80,usm_0.66_1.00_0.01,blur_2,/aba349_25e8e76a3e484d52beb6a16d]
[static.wixstatic.com/media/aba349_f6b976c0152a42db8e702bd3ce83c000_mv2.jpg/v1/fill/w_123,h_82,al_c,q_80,usm_0.66_1.00_0.01,blur_2,/aba349_f6b976c0152a42db8e702bd3]
[static.wixstatic.com/media/aba349_8e8e2cb8b02a400fbf18733ab822fe01_mv2.png/v1/fill/w_122,h_81,al_c,q_85,usm_0.66_1.00_0.01,blur_2,/aba349_8e8e2cb8b02a400fbf18733a]
[static.wixstatic.com/media/aba349_33662dc9f6a14c0b9f8bef8b7f4db288_mv2.png/v1/fill/w_180,h_124,al_c,q_85,usm_0.66_1.00_0.01,blur_3/Screen Shot 2021-11-30 at 4_32_]
[static.wixstatic.com/media/aba349_daffd1939c6a4d56b9389974e94e95fa_mv2.jpe/v1/fill/w_106,h_124,al_c,q_80,usm_0.66_1.00_0.01,blur_3/01CE4C78-6DDE-4A4E-B183-28E3506]
[www.sweatfxbg.com/mobile-app.html]
[static.wixstatic.com/media/aba349_ecad42d6adb34323896dfc2322bcea5c_mv2.jpg/v1/fill/w_186,h_124,al_c,q_80,usm_0.66_1.00_0.01,blur_3,enc_auto/0C0A9447.jpg]
[static.wixstatic.com/media/aba349_d9fa0bdf5e2f4b5398605bc23535a334_mv2.jpeg/v1/fill/w_186,h_124,al_c,q_80,usm_0.66_1.00_0.01,blur_3,enc_auto/0C0A9496 Large.jpg]
[static.wixstatic.com/media/11062b_eb2a07dd28584f209d3d3415549142b4_mv2.jpg/v1/fill/w_186,h_124,al_c,q_80,usm_0.66_1.00_0.01,blur_3,enc_auto/Creative Class.jpg]
[static.wixstatic.com/media/aba349_1a100e1081b34f9f9f9ca50dfa1edb87_mv2.png/v1/fill/w_186,h_124,al_c,q_85,usm_0.66_1.00_0.01,blur_3,enc_auto/0C0A9489.png]
[www.sweatfxbg.com/benefits.html]
[static.wixstatic.com/media/aba349_0e88fa46e5ae404dabe21662d27de0e9_mv2.jpg/v1/fill/w_102,h_124,al_c,q_80,usm_0.66_1.00_0.01,blur_3/121600817_406950420304573_69491]
[static.parastorage.com/services/pro-gallery-santa-wrapper/1.2776.0/staticCss.min.css]
[static.wixstatic.com/media/aba349_bba53374bc2e4997988cf89cff1709c9_mv2.jpg/v1/fill/w_250,h_250,q_30,blur_30/aba349_bba53374bc2e4997988cf89cff1709c9_mv2.jpg]
[static.wixstatic.com/media/aba349_bba53374bc2e4997988cf89cff1709c9_mv2.jpg/v1/fill/w_980,h_528,q_90/aba349_bba53374bc2e4997988cf89cff1709c9_mv2.jpg]
[static.wixstatic.com/media/aba349_e1de6c5a9e0b4b1a9fdbce186d19edc9_mv2.jpg/v1/fill/w_980,h_528,fp_0.7_0.27,q_90/aba349_e1de6c5a9e0b4b1a9fdbce186d19edc9_mv2.4b.del]
[static.wixstatic.com/media/aba349_4efcd307b8324715bae41c197a6bfce0_mv2.png/v1/fill/w_980,h_528,q_90/aba349_4efcd307b8324715bae41c197a6bfce0_mv2.png]
[static.wixstatic.com/media/aba349_e1de6c5a9e0b4b1a9fdbce186d19edc9_mv2.jpg/v1/fill/w_250,h_250,fp_0.7_0.27,q_30,blur_30/aba349_e1de6c5a9e0b4b1a9fdbce186d19edc9_mv]
[static.wixstatic.com/media/aba349_6359aa7bce8d44289e91fd0bddbd2329_mv2.jpg/v1/fill/w_250,h_250,fp_0.55_0.5,q_30,blur_30/aba349_6359aa7bce8d44289e91fd0bddbd2329_mv]
[static.wixstatic.com/media/aba349_ecad42d6adb34323896dfc2322bcea5c_mv2.jpg/v1/fill/w_250,h_250,fp_0.64_0.41,q_30,blur_30/aba349_ecad42d6adb34323896dfc2322bcea5c_m]
[static.wixstatic.com/media/aba349_6359aa7bce8d44289e91fd0bddbd2329_mv2.jpg/v1/fill/w_980,h_528,fp_0.55_0.5,q_90/aba349_6359aa7bce8d44289e91fd0bddbd2329_mv2.4d.del]
[static.wixstatic.com/media/aba349_c7adb1f29d3944c3993035276e5efb70_mv2.png/v1/fill/w_980,h_528,q_90/aba349_c7adb1f29d3944c3993035276e5efb70_mv2.png]
[static.wixstatic.com/media/aba349_ecad42d6adb34323896dfc2322bcea5c_mv2.jpg/v1/fill/w_980,h_528,fp_0.64_0.41,q_90/aba349_ecad42d6adb34323896dfc2322bcea5c_mv2.4f.de]
[static.wixstatic.com/media/aba349_cd8ddf4f80934264ac0754cd7d475638_mv2.jpg/v1/fill/w_250,h_250,fp_0.45_0.24,q_30,blur_30/aba349_cd8ddf4f80934264ac0754cd7d475638_m]
[static.wixstatic.com/media/aba349_cd8ddf4f80934264ac0754cd7d475638_mv2.jpg/v1/fill/w_980,h_528,fp_0.45_0.24,q_90/aba349_cd8ddf4f80934264ac0754cd7d475638_mv2.51.de]
[static.wixstatic.com/media/aba349_bba53374bc2e4997988cf89cff1709c9_mv2.jpg/v1/fill/w_120,h_120,q_70/aba349_bba53374bc2e4997988cf89cff1709c9_mv2.jpg]
[static.wixstatic.com/media/aba349_5c3d0665f510426e9ecb445ab78b7e6d_mv2.jpg/v1/fill/w_250,h_250,fp_0.78_0.35,q_30,blur_30/aba349_5c3d0665f510426e9ecb445ab78b7e6d_m]
[www.sweatfxbg.com/sweat-lab.html]
[static.wixstatic.com/media/aba349_5c3d0665f510426e9ecb445ab78b7e6d_mv2.jpg/v1/fill/w_980,h_528,fp_0.78_0.35,q_90/aba349_5c3d0665f510426e9ecb445ab78b7e6d_mv2.53.de]
[static.wixstatic.com/media/aba349_50722156357f4ee78f700fd893d0ffdc_mv2.jpg/v1/fill/w_980,h_528,fp_0.44_0.34,q_90/aba349_50722156357f4ee78f700fd893d0ffdc_mv2.55.de]
[static.wixstatic.com/media/aba349_50722156357f4ee78f700fd893d0ffdc_mv2.jpg/v1/fill/w_250,h_250,fp_0.44_0.34,q_30,blur_30/aba349_50722156357f4ee78f700fd893d0ffdc_m]
[static.wixstatic.com/media/aba349_6b0fa4aace364d78a49ab274071a9092_mv2.jpg/v1/fill/w_250,h_250,fp_0.48_0.26,q_30,blur_30/aba349_6b0fa4aace364d78a49ab274071a9092_m]
[static.wixstatic.com/media/aba349_6b0fa4aace364d78a49ab274071a9092_mv2.jpg/v1/fill/w_980,h_528,fp_0.48_0.26,q_90/aba349_6b0fa4aace364d78a49ab274071a9092_mv2.57.de]
[www.sweatfxbg.com/personal-training.html]
[static.wixstatic.com/media/aba349_036ffbe391394b5c9b7e9930f4bec88f_mv2.jpg/v1/fill/w_250,h_250,fp_0.37_0.26,q_30,blur_30/aba349_036ffbe391394b5c9b7e9930f4bec88f_m]
[static.wixstatic.com/media/aba349_036ffbe391394b5c9b7e9930f4bec88f_mv2.jpg/v1/fill/w_980,h_528,fp_0.37_0.26,q_90/aba349_036ffbe391394b5c9b7e9930f4bec88f_mv2.59.de]
[static.wixstatic.com/media/aba349_6359aa7bce8d44289e91fd0bddbd2329_mv2.jpg/v1/fill/w_120,h_120,fp_0.55_0.5,q_70/aba349_6359aa7bce8d44289e91fd0bddbd2329_mv2.5e.del]
[static.wixstatic.com/media/aba349_e1de6c5a9e0b4b1a9fdbce186d19edc9_mv2.jpg/v1/fill/w_120,h_120,fp_0.7_0.27,q_70/aba349_e1de6c5a9e0b4b1a9fdbce186d19edc9_mv2.5d.del]
[static.wixstatic.com/media/aba349_ecad42d6adb34323896dfc2322bcea5c_mv2.jpg/v1/fill/w_120,h_120,fp_0.64_0.41,q_70/aba349_ecad42d6adb34323896dfc2322bcea5c_mv2.5f.de]
[static.wixstatic.com/media/aba349_5c3d0665f510426e9ecb445ab78b7e6d_mv2.jpg/v1/fill/w_120,h_120,fp_0.78_0.35,q_70/aba349_5c3d0665f510426e9ecb445ab78b7e6d_mv2.61.de]
[static.wixstatic.com/media/aba349_cd8ddf4f80934264ac0754cd7d475638_mv2.jpg/v1/fill/w_120,h_120,fp_0.45_0.24,q_70/aba349_cd8ddf4f80934264ac0754cd7d475638_mv2.60.de]
[static.wixstatic.com/media/aba349_50722156357f4ee78f700fd893d0ffdc_mv2.jpg/v1/fill/w_120,h_120,fp_0.44_0.34,q_70/aba349_50722156357f4ee78f700fd893d0ffdc_mv2.62.de]
[static.wixstatic.com/media/aba349_6b0fa4aace364d78a49ab274071a9092_mv2.jpg/v1/fill/w_120,h_120,fp_0.48_0.26,q_70/aba349_6b0fa4aace364d78a49ab274071a9092_mv2.63.de]
[static.wixstatic.com/media/aba349_036ffbe391394b5c9b7e9930f4bec88f_mv2.jpg/v1/fill/w_120,h_120,fp_0.37_0.26,q_70/aba349_036ffbe391394b5c9b7e9930f4bec88f_mv2.64.de]
[www.sweatfxbg.com/bb623b78.min.65.delayed]
[www.sweatfxbg.com/rb_wixui.thunderbolt_common-site-members-dialogs.384b0b57.chunk.min.css]
[www.sweatfxbg.com/rb_wixui.thunderbolt_common-site-members-dialogs.2059cbfd.chunk.min.js]
[www.sweatfxbg.com/fit3d.html]
[static.wixstatic.com/media/aba349_0d479e40637a497792a46a29d52b4f0c_mv2.png/v1/fill/w_338,h_486,al_c,q_85,usm_0.66_1.00_0.01,enc_au/ProScanner-Vertical-noPerson.68]
[static.wixstatic.com/media/aba349_e747ee0915374f82a40d957775f43bfd_mv2.jpg/v1/fill/w_50,h_50,al_c,q_80,usm_0.66_1.00_0.01,blur_3,e/aba349_e747ee0915374f82a40d9577]
[www.sweatfxbg.com/childcare.html]
[www.sweatfxbg.com/try-sweat.html]
[www.sweatfxbg.com/specials.html]
[static.wixstatic.com/media/aba349_a6bcb50d9a50422a82c12b186d242bfc_mv2.png/v1/crop/x_338,y_0,w_604,h_854/fill/w_60,h_84,al_c,q_85,usm_0.66_1.00/0C0A8306.6b.delaye]
[static.parastorage.com/services/editor-elements/dist/media/sloppyframe.d6793e19.png]
[www.sweatfxbg.com/service-page/childcare-1.html]
[www.sweatfxbg.com/f52e40aa.min.6d.delayed]
[www.sweatfxbg.com/location.html]
[static.wixstatic.com/media/aba349_4acf7ef595064789b499b830c77198a7_mv2.jpg/v1/fill/w_123,h_82,al_c,q_80,usm_0.66_1.00_0.01,blur_2,/aba349_4acf7ef595064789b499b830]
[static.wixstatic.com/media/aba349_3f7607923cf94a62b1f768ba8b5addfe_mv2.jpg/v1/fill/w_123,h_92,al_c,q_80,usm_0.66_1.00_0.01,blur_2,/aba349_3f7607923cf94a62b1f768ba]
[static.parastorage.com/services/pricing-plans-tpa/1.2216.0/client/List.chunk.min.css]
[static.parastorage.com/services/pricing-plans-tpa/1.2216.0/client/7724.chunk.min.js]
[static.parastorage.com/services/pricing-plans-tpa/1.2216.0/client/List.chunk.min.js]
[www.sweatfxbg.com/plans-pricing.html]
[static.wixstatic.com/media/aba349_5e455146bc2f4844bf83f81965bf0a4c_mv2.jpg/v1/fill/w_50,h_33,al_c,q_80,usm_0.66_1.00_0.01,blur_3,e/aba349_5e455146bc2f4844bf83f819]
[static.wixstatic.com/media/aba349_5c19cca61df64cdc90d1842721e33aa5_mv2.jpg/v1/fill/w_50,h_33,al_c,q_80,usm_0.66_1.00_0.01,blur_3,e/aba349_5c19cca61df64cdc90d18427]
[static.wixstatic.com/media/aba349_0a2f223da5284a82903c26e1687ef91c_mv2.jpg/v1/fill/w_50,h_33,al_c,q_80,usm_0.66_1.00_0.01,blur_3,e/aba349_0a2f223da5284a82903c26e1]
[www.sweatfxbg.com/service-page/cycle.html]
[www.sweatfxbg.com/service-page/sixty.html]
[www.sweatfxbg.com/service-page/power-cycle.html]
[static.wixstatic.com/media/aba349_1172cc4cf185455482a6617e91c86bc4_mv2.png/v1/fill/w_50,h_33,al_c,q_85,usm_0.66_1.00_0.01,blur_3,e/aba349_1172cc4cf185455482a6617e]
[www.sweatfxbg.com/service-page/barre-1.html]
[static.wixstatic.com/media/aba349_adb9d4a3250b426e9a18dd5bb418458a_mv2.jpe/v1/fill/w_50,h_33,al_c,q_80,usm_0.66_1.00_0.01,blur_3,e/aba349_adb9d4a3250b426e9a18dd5b]
[static.wixstatic.com/media/aba349_d81e4444596249d79ece263a01364190_mv2.jpg/v1/fill/w_50,h_33,al_c,q_80,usm_0.66_1.00_0.01,blur_3,e/aba349_d81e4444596249d79ece263a]
[www.sweatfxbg.com/service-page/row.html]
[static.wixstatic.com/media/aba349_bb4d81ed18574292b1352b0db3af7f1b_mv2.jpg/v1/fill/w_50,h_33,al_c,q_80,usm_0.66_1.00_0.01,blur_3,e/aba349_bb4d81ed18574292b1352b0d]
[www.sweatfxbg.com/service-page/yoga.html]
[static.wixstatic.com/media/aba349_a0f6f65be0424fc5b59bae5b4f2b1c71_mv2.jpg/v1/fill/w_50,h_33,al_c,q_80,usm_0.66_1.00_0.01,blur_3,e/aba349_a0f6f65be0424fc5b59bae5b]
[www.sweatfxbg.com/service-page/power-yoga.html]
[static.wixstatic.com/media/aba349_7a0a3899bd9a4ba89bb859b36756b92b_mv2.png/v1/fill/w_50,h_33,al_c,q_85,usm_0.66_1.00_0.01,blur_3,e/aba349_7a0a3899bd9a4ba89bb859b3]
[www.sweatfxbg.com/service-page/pilates-foam-rolling.html]
[static.wixstatic.com/media/aba349_8cc26bc568934d49936b4184e376fb87_mv2.jpe/v1/fill/w_43,h_50,al_c,q_80,usm_0.66_1.00_0.01,blur_3,e/aba349_8cc26bc568934d49936b4184]
[www.sweatfxbg.com/service-page/sculpt.html]
[static.wixstatic.com/media/aba349_850b4a36bc9a46c39780a196bc725251_mv2.png/v1/fill/w_50,h_36,al_c,q_85,usm_0.66_1.00_0.01,blur_3,e/aba349_850b4a36bc9a46c39780a196]
[www.sweatfxbg.com/service-page/fit3d-scan.html]
[static.wixstatic.com/media/aba349_e56c71464e6341e3ae6f621aa0c17431_mv2.png/v1/fill/w_50,h_50,al_c,q_85,usm_0.66_1.00_0.01,blur_3,e/aba349_e56c71464e6341e3ae6f621a]
[www.sweatfxbg.com/service-page/sweat-lab.html]
[static.wixstatic.com/media/aba349_adc16aa9b37c4ef8bcf77a4e0107e9c6_mv2.png/v1/fill/w_50,h_28,al_c,q_85,usm_0.66_1.00_0.01,blur_3,e/aba349_adc16aa9b37c4ef8bcf77a4e]
[www.sweatfxbg.com/service-page/connected-bike.html]
[static.wixstatic.com/media/aba349_197bd37d1bc0408cb5d982b313ad8ee4_mv2.png/v1/fill/w_50,h_50,al_c,q_85,usm_0.66_1.00_0.01,blur_3,e/aba349_197bd37d1bc0408cb5d982b3]
[www.sweatfxbg.com/service-page/connected-rower.html]
[static.wixstatic.com/media/aba349_ce273577e3de4de083250855c35ae2ba_mv2.png/v1/fill/w_50,h_50,al_c,q_85,usm_0.66_1.00_0.01,blur_3,e/aba349_ce273577e3de4de083250855]
[www.sweatfxbg.com/services.html]
[www.sweatfxbg.com/schedule.html]
[www.sweatfxbg.com/service-page/connected-climber.html]
[www.sweatfxbg.com/service-page/connected-treadmill.html]
[static.wixstatic.com/media/aba349_4d628ab9854a40ee9c22acd4bd505d3a_mv2.png/v1/fill/w_49,h_49,al_c,q_85,usm_0.66_1.00_0.01,blur_2,e/aba349_4d628ab9854a40ee9c22acd4]
[www.sweatfxbg.com/event-details/empower-donation.html]
[www.sweatfxbg.com/event-details/empower-ride-8-00-am.html]
[www.sweatfxbg.com/event-details/empower-ride-9-15-am.html]
[www.sweatfxbg.com/events.html]
[www.sweatfxbg.com/event-details/empower-ride-10-30-am.html]
[www.sweatfxbg.com/02b07b80.min.css]
[www.sweatfxbg.com/faq-general.html]
[www.sweatfxbg.com/faq-cycle.html]
[www.sweatfxbg.com/faq-yoga.html]
[www.sweatfxbg.com/faq-policies.html]
[www.sweatfxbg.com/faq-barre.html]
[www.sweatfxbg.com/faq-sixty.html]
[www.sweatfxbg.com/frequently-asked-questions.html]
[static.wixstatic.com/media/aba349_1ed23a47d63442a8a34fc72dc30757f9_mv2.png]
[www.sweatfxbg.com/gift-card.html]
[www.sweatfxbg.com/liability-waiver.html]
[www.sweatfxbg.com/loyalty.html]
[www.sweatfxbg.com/privacy.html]
[www.sweatfxbg.com/faq-row.html]
[static.wixstatic.com/media/aba349_b375771844b94cd68371025fd6654ce3_mv2.jpg/v1/fill/w_147,h_132,al_c,q_80,usm_0.66_1.00_0.01,blur_2/aba349_b375771844b94cd68371025f]
[static.wixstatic.com/media/aba349_951f4bfa966247b3835cd3e80723f30d_mv2.jpg/v1/fill/w_147,h_147,al_c,q_80,usm_0.66_1.00_0.01,blur_2/aba349_951f4bfa966247b3835cd3e8]
[www.sweatfxbg.com/product-page/sweat-lab-24-7-access-legacy.html]
[static.wixstatic.com/media/aba349_31747880c126415488c0cc5d29bb1d5c_mv2.jpg/v1/fill/w_147,h_147,al_c,q_80,usm_0.66_1.00_0.01,blur_2/aba349_31747880c126415488c0cc5d]
[www.sweatfxbg.com/product-page/bike-shorts.html]
[static.wixstatic.com/media/aba349_e93e203616b54c29a06c9ed46bba11b2_mv2.jpg/v1/fill/w_147,h_147,al_c,q_80,usm_0.66_1.00_0.01,blur_2/aba349_e93e203616b54c29a06c9ed4]
[static.wixstatic.com/media/aba349_c25d48db1dab44749bcbc95f8c5fa98d_mv2.jpg/v1/fill/w_147,h_147,al_c,q_80,usm_0.66_1.00_0.01,blur_2/aba349_c25d48db1dab44749bcbc95f]
[www.sweatfxbg.com/product-page/women-s-racerback-tank-pride.html]
[www.sweatfxbg.com/product-page/unisex-short-sleeve-t-shirt.html]
[static.wixstatic.com/media/aba349_264fbc3c4c6947f2840c0497278091e4_mv2.jpg/v1/fill/w_92,h_88,al_c,q_80,usm_0.66_1.00_0.01,blur_2,e/aba349_264fbc3c4c6947f2840c0497]
[static.wixstatic.com/media/aba349_163263d5535c4213b3abe4422d8f7016_mv2.jpg/v1/fill/w_123,h_320,al_c,q_80,usm_0.66_1.00_0.01,blur_2/aba349_163263d5535c4213b3abe442]
[static.wixstatic.com/media/aba349_ad47bde9821448a1b16e04e83d217113_mv2.jpg/v1/fill/w_147,h_196,al_c,q_80,usm_0.66_1.00_0.01,blur_2/aba349_ad47bde9821448a1b16e04e8]
[www.sweatfxbg.com/product-page/protein-shaker.html]
[static.wixstatic.com/media/aba349_646022c2585049818e39d83e32870cef_mv2.jpg/v1/fill/w_147,h_147,al_c,q_80,usm_0.66_1.00_0.01,blur_2/aba349_646022c2585049818e39d83e]
[static.wixstatic.com/media/aba349_8c63bff197c84721b391676fcab48ac9_mv2.jpg/v1/fill/w_147,h_147,al_c,q_80,usm_0.66_1.00_0.01,blur_2/aba349_8c63bff197c84721b391676f]
[www.sweatfxbg.com/product-page/women-s-racerback-tank-cycle-1.html]
[www.sweatfxbg.com/product-page/unisex-hoodie-embroidered-logo.html]
[static.wixstatic.com/media/aba349_1578dc1f93084e9fba2f3956e3feb01b_mv2.jpg/v1/fill/w_147,h_147,al_c,q_80,usm_0.66_1.00_0.01,blur_2/aba349_1578dc1f93084e9fba2f3956]
[static.wixstatic.com/media/aba349_6d78d890b38745219936bed63952f6b1_mv2.jpg/v1/fill/w_147,h_147,al_c,q_80,usm_0.66_1.00_0.01,blur_2/aba349_6d78d890b38745219936bed6]
[static.wixstatic.com/media/aba349_bab4b9d003c949a1b7d1606d59a0ead5_mv2.jpg/v1/fill/w_147,h_147,al_c,q_80,usm_0.66_1.00_0.01,blur_2/aba349_bab4b9d003c949a1b7d1606d]
[static.wixstatic.com/media/aba349_bf328ba2a2f7448885d2acea5c21534d_mv2.jpg/v1/fill/w_147,h_147,al_c,q_80,usm_0.66_1.00_0.01,blur_2/aba349_bf328ba2a2f7448885d2acea]
[www.sweatfxbg.com/product-page/embroidered-beanie.html]
[static.wixstatic.com/media/aba349_18fe19a52268424ba9c1687a4d6d6b34_mv2.jpg/v1/fill/w_147,h_147,al_c,q_80,usm_0.66_1.00_0.01,blur_2/aba349_18fe19a52268424ba9c1687a]
[static.wixstatic.com/media/aba349_cffc841bbe7a4723a1810f5246e9fe5f_mv2.jpg/v1/fill/w_147,h_147,al_c,q_80,usm_0.66_1.00_0.01,blur_2/aba349_cffc841bbe7a4723a1810f52]
[www.sweatfxbg.com/product-page/loose-drop-shoulder-crop-top-barre.html]
[www.sweatfxbg.com/product-page/3-4-sleeve-raglan-shirt-barre.html]
[static.wixstatic.com/media/aba349_e9673733dfb1458a88ca56f0a1e0bae4_mv2.jpg/v1/fill/w_147,h_147,al_c,q_80,usm_0.66_1.00_0.01,blur_2/aba349_e9673733dfb1458a88ca56f0]
[static.wixstatic.com/media/aba349_fcb109b31d674949ab0b3125380b96ac_mv2.jpg/v1/fill/w_147,h_147,al_c,q_80,usm_0.66_1.00_0.01,blur_2/aba349_fcb109b31d674949ab0b3125]
[static.wixstatic.com/media/aba349_55fcc08cff6d432998d6c7bead80616a_mv2.jpg/v1/fill/w_147,h_147,al_c,q_80,usm_0.66_1.00_0.01,blur_2/aba349_55fcc08cff6d432998d6c7be]
[www.sweatfxbg.com/product-page/men-s-champion-long-sleeve-shirt.html]
[static.wixstatic.com/media/aba349_feb162e407d94126937ebab4ff3beab4_mv2.jpg/v1/fill/w_147,h_147,al_c,q_80,usm_0.66_1.00_0.01,blur_2/aba349_feb162e407d94126937ebab4]
[static.wixstatic.com/media/aba349_65a90f9cf4a8405ab64e9c4c669272d4_mv2.jpg/v1/fill/w_147,h_147,al_c,q_80,usm_0.66_1.00_0.01,blur_2/aba349_65a90f9cf4a8405ab64e9c4c]
[www.sweatfxbg.com/product-page/unisex-joggers.html]
[www.sweatfxbg.com/product-page/unisex-long-sleeve-tee-3.html]
[static.wixstatic.com/media/aba349_3a2ae93b5cdc403dbac461a9d43a5643_mv2.jpg/v1/fill/w_147,h_147,al_c,q_80,usm_0.66_1.00_0.01,blur_2/aba349_3a2ae93b5cdc403dbac461a9]
[static.wixstatic.com/media/aba349_86f305823c804721bacd1ed23218ff65_mv2.jpg/v1/fill/w_147,h_147,al_c,q_80,usm_0.66_1.00_0.01,blur_2/aba349_86f305823c804721bacd1ed2]
[static.wixstatic.com/media/aba349_ab080d9afc29476b8c981c5169b51ee0_mv2.jpg/v1/fill/w_147,h_147,al_c,q_80,usm_0.66_1.00_0.01,blur_2/aba349_ab080d9afc29476b8c981c51]
[www.sweatfxbg.com/product-page/dad-hat-unisex.html]
[www.sweatfxbg.com/product-page/women-s-racerback-tank-sixty.html]
[static.wixstatic.com/media/aba349_5afb97701b0a499ab3da9c296ee8e5da_mv2.jpg/v1/fill/w_147,h_147,al_c,q_80,usm_0.66_1.00_0.01,blur_2/aba349_5afb97701b0a499ab3da9c29]
[www.sweatfxbg.com/product-page/women-s-racerback-tank-cycle.html]
[static.wixstatic.com/media/aba349_068582f4c0994cc8bc8a91cc84769179_mv2.jpg/v1/fill/w_147,h_147,al_c,q_80,usm_0.66_1.00_0.01,blur_2/aba349_068582f4c0994cc8bc8a91cc]
[static.wixstatic.com/media/aba349_d35bf0fd32e645b3ad3c8e1825dde06e_mv2.jpg/v1/fill/w_147,h_147,al_c,q_80,usm_0.66_1.00_0.01,blur_2/aba349_d35bf0fd32e645b3ad3c8e18]
[static.wixstatic.com/media/aba349_f66b5378ae5b45e191b7f4a059508968_mv2.jpg/v1/fill/w_147,h_147,al_c,q_80,usm_0.66_1.00_0.01,blur_2/aba349_f66b5378ae5b45e191b7f4a0]
[www.sweatfxbg.com/product-page/racerback-tank-for-women-1.html]
[www.sweatfxbg.com/product-page/racerback-tank-for-women.html]
[www.sweatfxbg.com/store.html]
[www.sweatfxbg.com/version/index.html]
[static.wixstatic.com/media/aba349_50087a2fc8de4c838a7eaf97d19263a6_mv2.jpg/v1/fill/w_147,h_147,al_c,q_80,usm_0.66_1.00_0.01,blur_2/aba349_50087a2fc8de4c838a7eaf97]
[www.sweatfxbg.com/cart-page.html]
[www.sweatfxbg.com/62a3290c.min.css]
[www.sweatfxbg.com/1f15f937.min.css]
[static.wixstatic.com/media/fc7570_2ceee2afeafa4aa083bc3d48986bb811_mv2.png/v1/fill/w_176,h_55,al_c,q_85,enc_auto/fc7570_2ceee2afeafa4aa083bc3d48986bb811_mv2.d1.de]
[static.wixstatic.com/media/fc7570_83a62c92abd54d60915647751731bc62_mv2.png/v1/fill/w_179,h_55,al_c,lg_1,q_85,enc_auto/fc7570_83a62c92abd54d60915647751731bc62_mv2]
[static.wixstatic.com/media/aba349_617119d0ba6c4f68b73081f7cb26e261_mv2.jpg/v1/fill/w_318,h_642,al_c,q_80,usm_0.66_1.00_0.01,enc_auto/IMG_1104.jpg]
[www.sweatfxbg.com/mobile-app.html]
[static.parastorage.com/services/pro-gallery-santa-wrapper/1.2776.0/staticCss.min.css]
[www.sweatfxbg.com/bb623b78.min.html]
[www.sweatfxbg.com/rb_wixui.thunderbolt_common-site-members-dialogs.384b0b57.chunk.min.html]
[www.sweatfxbg.com/rb_wixui.thunderbolt_common-site-members-dialogs.2059cbfd.chunk.min.html]
[static.parastorage.com/services/pro-gallery-santa-wrapper/1.2776.0/media/emptystate.f4c750b6.svg]
[www.sweatfxbg.com/service-page/decodeURIComponent(e.html]
[www.sweatfxbg.com/service-page/sitemap.xml]
[www.sweatfxbg.com/service-page/feed.xml]
[www.sweatfxbg.com/service-page/robots.html]
[www.sweatfxbg.com/service-page/b604fd33.min.html]
[www.sweatfxbg.com/service-page/version/index.html]
[www.sweatfxbg.com/service-page/caeea34d.min.html]
[www.sweatfxbg.com/service-page/99a6a99f.min.html]
[www.sweatfxbg.com/service-page/34b72cf9.min.html]
[www.sweatfxbg.com/service-page/7a36fe10.chunk.min.html]
[www.sweatfxbg.com/service-page/e3671379.chunk.min.html]
[www.sweatfxbg.com/service-page/rb_wixui.thunderbolt_bootstrap-classic.db545a77.chunk.min.html]
[www.sweatfxbg.com/service-page/rb_wixui.thunderbolt_bootstrap.8a86afda.chunk.min.html]
[www.sweatfxbg.com/service-page/rb_wixui.thunderbolt_bootstrap.7a36fe10.chunk.min.html]
[www.sweatfxbg.com/service-page/rb_wixui.thunderbolt_bootstrap-responsive.f3ca696f.chunk.min.html]
[www.sweatfxbg.com/service-page/childcare-1.html]
[www.sweatfxbg.com/f52e40aa.min.html]
[static.parastorage.com/services/pricing-plans-tpa/1.2216.0/client/List.chunk.min.css]
[www.sweatfxbg.com/service-page/sixty.html]
[www.sweatfxbg.com/service-page/cycle.html]
[www.sweatfxbg.com/service-page/power-cycle.html]
[www.sweatfxbg.com/service-page/barre-1.html]
[www.sweatfxbg.com/service-page/row.html]
[www.sweatfxbg.com/service-page/yoga.html]
[www.sweatfxbg.com/service-page/power-yoga.html]
[www.sweatfxbg.com/service-page/pilates-foam-rolling.html]
[www.sweatfxbg.com/service-page/sculpt.html]
[www.sweatfxbg.com/service-page/fit3d-scan.html]
[www.sweatfxbg.com/service-page/sweat-lab.html]
[www.sweatfxbg.com/service-page/connected-bike.html]
[www.sweatfxbg.com/service-page/connected-rower.html]
[www.sweatfxbg.com/service-page/connected-climber.html]
[www.sweatfxbg.com/service-page/connected-treadmill.html]
[www.sweatfxbg.com/service-page/rb_wixui.thunderbolt_bootstrap-responsive.e3671379.chunk.min.html]
[www.sweatfxbg.com/event-details/decodeURIComponent(e.html]
[www.sweatfxbg.com/event-details/sitemap.xml]
[www.sweatfxbg.com/event-details/feed.xml]
[www.sweatfxbg.com/event-details/robots.html]
[www.sweatfxbg.com/event-details/b604fd33.min.html]
[www.sweatfxbg.com/event-details/caeea34d.min.html]
[www.sweatfxbg.com/event-details/99a6a99f.min.html]
[www.sweatfxbg.com/event-details/34b72cf9.min.html]
[www.sweatfxbg.com/event-details/7a36fe10.chunk.min.html]
[www.sweatfxbg.com/event-details/e3671379.chunk.min.html]
[www.sweatfxbg.com/event-details/rb_wixui.thunderbolt_bootstrap-classic.db545a77.chunk.min.html]
[www.sweatfxbg.com/event-details/rb_wixui.thunderbolt_bootstrap.8a86afda.chunk.min.html]
[www.sweatfxbg.com/event-details/rb_wixui.thunderbolt_bootstrap.7a36fe10.chunk.min.html]
[www.sweatfxbg.com/event-details/rb_wixui.thunderbolt_bootstrap-responsive.f3ca696f.chunk.min.html]
[www.sweatfxbg.com/event-details/empower-donation.html]
[www.sweatfxbg.com/event-details/empower-ride-8-00-am.html]
[www.sweatfxbg.com/event-details/empower-ride-9-15-am.html]
[www.sweatfxbg.com/event-details/empower-ride-10-30-am.html]
[www.sweatfxbg.com/02b07b80.min.html]
[www.sweatfxbg.com/event-details/rb_wixui.thunderbolt_bootstrap-responsive.e3671379.chunk.min.html]
[www.sweatfxbg.com/event-details/version/index.html]
[static.parastorage.com/services/ricos-viewer-ooi/2.132.0/client/LinkViewer.chunk.min.css]
[static.parastorage.com/services/ricos-viewer-ooi/2.132.0/client/vertical-embed-component.chunk.min.css]
[static.parastorage.com/services/ricos-viewer-ooi/2.132.0/client/9321.chunk.min.js]
[static.parastorage.com/services/ricos-viewer-ooi/2.132.0/client/LinkViewer.chunk.min.js]
[static.parastorage.com/services/ricos-viewer-ooi/2.132.0/client/9816.chunk.min.js]
[static.parastorage.com/services/ricos-viewer-ooi/2.132.0/client/vertical-embed-component.chunk.min.js]
[static.wixstatic.com/media/61cdb1a3e25f47caa15ab4409b345fc3.jpg]
[www.sweatfxbg.com/faq-general.html]
[static.wixstatic.com/media/aba349_5c19cca61df64cdc90d1842721e33aa5_mv2.jpg]
[www.sweatfxbg.com/faq-cycle.html]
[static.wixstatic.com/media/aba349_d81e4444596249d79ece263a01364190_mv2.jpg]
[www.sweatfxbg.com/faq-yoga.html]
[www.sweatfxbg.com/faq-policies.html]
[www.sweatfxbg.com/booking-policies.html]
[static.wixstatic.com/media/aba349_27437bd16c1441f9903435d7bb33033a_mv2.jpg]
[www.sweatfxbg.com/faq-barre.html]
[static.wixstatic.com/media/aba349_5e455146bc2f4844bf83f81965bf0a4c_mv2.jpg]
[www.sweatfxbg.com/faq-sixty.html]
[www.sweatfxbg.com/faq-row.html]
[static.wixstatic.com/media/aba349_1ed23a47d63442a8a34fc72dc30757f9_mv2.png]
[www.sweatfxbg.com/product-page/decodeURIComponent(e.html]
[www.sweatfxbg.com/product-page/robots.html]
[www.sweatfxbg.com/product-page/sitemap.xml]
[www.sweatfxbg.com/product-page/feed.xml]
[www.sweatfxbg.com/product-page/b604fd33.min.html]
[www.sweatfxbg.com/product-page/version/index.html]
[www.sweatfxbg.com/product-page/caeea34d.min.html]
[www.sweatfxbg.com/product-page/99a6a99f.min.html]
[www.sweatfxbg.com/product-page/34b72cf9.min.html]
[www.sweatfxbg.com/product-page/7a36fe10.chunk.min.html]
[www.sweatfxbg.com/product-page/e3671379.chunk.min.html]
[www.sweatfxbg.com/product-page/rb_wixui.thunderbolt_bootstrap-classic.db545a77.chunk.min.html]
[www.sweatfxbg.com/product-page/rb_wixui.thunderbolt_bootstrap.8a86afda.chunk.min.html]
[www.sweatfxbg.com/product-page/rb_wixui.thunderbolt_bootstrap.7a36fe10.chunk.min.html]
[www.sweatfxbg.com/product-page/rb_wixui.thunderbolt_bootstrap-responsive.f3ca696f.chunk.min.html]
[www.sweatfxbg.com/product-page/rb_wixui.thunderbolt_bootstrap-responsive.e3671379.chunk.min.html]
[www.sweatfxbg.com/product-page/sweat-lab-24-7-access-legacy.html]
[static.wixstatic.com/media/aba349_b375771844b94cd68371025fd6654ce3_mv2.jpg/v1/fill/w_996,h_996,al_c,q_85,usm_0.66_1.00_0.01/aba349_b375771844b94cd68371025fd6654ce]
[static.wixstatic.com/media/aba349_b375771844b94cd68371025fd6654ce3_mv2.jpg/v1/fill/w_498,h_498,al_c,q_50,usm_0.66_1.00_0.01/aba349_b375771844b94cd68371025fd6654ce]
[www.sweatfxbg.com/product-page/bike-shorts.html]
[static.wixstatic.com/media/aba349_951f4bfa966247b3835cd3e80723f30d_mv2.jpg/v1/fill/w_996,h_996,al_c,q_85,usm_0.66_1.00_0.01/aba349_951f4bfa966247b3835cd3e80723f30]
[static.wixstatic.com/media/aba349_951f4bfa966247b3835cd3e80723f30d_mv2.jpg/v1/fill/w_498,h_498,al_c,q_50,usm_0.66_1.00_0.01/aba349_951f4bfa966247b3835cd3e80723f30]
[static.wixstatic.com/media/aba349_31747880c126415488c0cc5d29bb1d5c_mv2.jpg/v1/fill/w_996,h_996,al_c,q_85,usm_0.66_1.00_0.01/aba349_31747880c126415488c0cc5d29bb1d5]
[www.sweatfxbg.com/product-page/women-s-racerback-tank-pride.html]
[static.wixstatic.com/media/aba349_e6be95b98e09421eba7809896fd14274_mv2.jpg/v1/fill/w_996,h_996,al_c,q_85,usm_0.66_1.00_0.01/aba349_e6be95b98e09421eba7809896fd1427]
[static.wixstatic.com/media/aba349_e23781adfec34c99908c9364e52d271c_mv2.jpg/v1/fill/w_996,h_996,al_c,q_85,usm_0.66_1.00_0.01/aba349_e23781adfec34c99908c9364e52d271]
[static.wixstatic.com/media/aba349_951f4bfa966247b3835cd3e80723f30d_mv2.jpg/v1/fill/w_45,h_45,al_c,q_50,usm_0.66_1.00_0.01/aba349_951f4bfa966247b3835cd3e80723f30d_]
[static.wixstatic.com/media/aba349_31747880c126415488c0cc5d29bb1d5c_mv2.jpg/v1/fill/w_45,h_45,al_c,q_50,usm_0.66_1.00_0.01/aba349_31747880c126415488c0cc5d29bb1d5c_]
[www.sweatfxbg.com/product-page/unisex-short-sleeve-t-shirt.html]
[static.wixstatic.com/media/aba349_e6be95b98e09421eba7809896fd14274_mv2.jpg/v1/fill/w_45,h_45,al_c,q_50,usm_0.66_1.00_0.01/aba349_e6be95b98e09421eba7809896fd14274_]
[static.wixstatic.com/media/aba349_e23781adfec34c99908c9364e52d271c_mv2.jpg/v1/fill/w_45,h_45,al_c,q_50,usm_0.66_1.00_0.01/aba349_e23781adfec34c99908c9364e52d271c_]
[static.wixstatic.com/media/aba349_e93e203616b54c29a06c9ed46bba11b2_mv2.jpg/v1/fill/w_996,h_996,al_c,q_85,usm_0.66_1.00_0.01/aba349_e93e203616b54c29a06c9ed46bba11b]
[static.wixstatic.com/media/aba349_e93e203616b54c29a06c9ed46bba11b2_mv2.jpg/v1/fill/w_498,h_498,al_c,q_50,usm_0.66_1.00_0.01/aba349_e93e203616b54c29a06c9ed46bba11b]
[static.wixstatic.com/media/aba349_c25d48db1dab44749bcbc95f8c5fa98d_mv2.jpg/v1/fill/w_996,h_996,al_c,q_85,usm_0.66_1.00_0.01/aba349_c25d48db1dab44749bcbc95f8c5fa98]
[www.sweatfxbg.com/main.html]
[static.wixstatic.com/media/aba349_c25d48db1dab44749bcbc95f8c5fa98d_mv2.jpg/v1/fill/w_45,h_45,al_c,q_50,usm_0.66_1.00_0.01/aba349_c25d48db1dab44749bcbc95f8c5fa98d_]
[static.wixstatic.com/media/aba349_163263d5535c4213b3abe4422d8f7016_mv2.jpg/v1/fill/w_686,h_916,al_c,q_85/aba349_163263d5535c4213b3abe4422d8f7016_mv2.jpg]
[static.wixstatic.com/media/aba349_e93e203616b54c29a06c9ed46bba11b2_mv2.jpg/v1/fill/w_45,h_45,al_c,q_50,usm_0.66_1.00_0.01/aba349_e93e203616b54c29a06c9ed46bba11b2_]
[www.sweatfxbg.com/product-page/protein-shaker.html]
[www.sweatfxbg.com/product-page/women-s-racerback-tank-cycle-1.html]
